* E-11's negative half: the partition carries the complement of its definite
* branches.
*
* `F`'s second sentence is a bare expression variable, so its component at the
* split position names no shape to branch on -- the branch it would produce *is*
* the configuration, and driving it folds straight back to the split (the
* infinite self-loop `Split7 { (e.Rest) t.P e.In = <Split7 (e.Rest) t.P e.In>; }`
* the decline exists to prevent). But it is exactly the **complement** of
* `('A')`, and Refal's ordered sentences express a complement with no negation
* operator: a branch placed after the definite one fires precisely when the
* argument is not `('A')`. That catch-all is `e.X != ('A')`, and its body is the
* sentence's own result.
*
* So `refal project2 examples/projection-complement.ref F` emits
*
*   Split1 { ('A') = 'a'; e.Other = 'z'; }
*
* -- one split, and the callee is gone -- where the walk previously declined and
* left `<F e.Program>` residual.
*
* The pattern is a *character* bracket rather than an identifier so the emitted
* artifact can be driven from the command line: `refal run` passes an argument as
* a bracket of its characters, so `refal run <artifact> A` hands `Go` `('A')`,
* which is exactly the definite branch.

$ENTRY Go {
  e.X = <F e.X>;
}

F {
  ('A') = 'a';
  e.Other = 'z';
}
